// Jest Snapshot v1, https://goo.gl/fbAQLP

exports[`<Screen /> matches snapshot 1`] = `
<StyledComponent
  displayValue="test"
  forwardedComponent={
    Object {
      "$$typeof": Symbol(react.forward_ref),
      "attrs": Array [],
      "componentStyle": ComponentStyle {
        "componentId": "sc-bdVaJa",
        "isStatic": true,
        "rules": Array [
          "
    flex-grow: 1;
    font-size: 4rem;
    text-align: left;
    margin-top: 0.5rem;
    margin-bottom: 0.5rem;
    margin-right: 4px;
    margin-left: 4px;
    padding-left: 0.5rem;
    border: 2px solid #eee;
    background-color: #fff;
    border-radius: 1rem;
    overflow: hidden;
",
        ],
      },
      "displayName": "Styled(RawScreen)",
      "foldedComponentIds": Array [],
      "render": [Function],
      "self": [Circular],
      "styledComponentId": "sc-bdVaJa",
      "target": [Function],
      "toString": [Function],
      "warnTooManyClasses": [Function],
      "withComponent": [Function],
    }
  }
  forwardedRef={null}
/>
`;
